1 -  SpectralGridTest: Test 1:
1 -  SpectralGridTest: Build using constructor SpectralGrid(usigned int numChan, unsigned int refChan, Frequency refFreq, Frequency chanSep):
1 -  SpectralGridTest: Number of channels retrieved:  64 Input:64
1 -  SpectralGridTest: Reference frequency retrieved: 9e+10 SpectralGridTest:  Input:90GHz
1 -  SpectralGridTest: Reference frequency retrieved: 90GHz  SpectralGridTest: Input:90GHz
1 -  SpectralGridTest: Reference channel retrieved:   32 Input:32
1 -  SpectralGridTest: Channel separation retrieved:  1e+07Hz  SpectralGridTest: Input:0.01GHz
1 -  SpectralGridTest: Channel separation retrieved:  10000kHz  SpectralGridTest: Input:0.01GHz
1 -  SpectralGridTest: Number of spectral windows: 1 SpectralGridTest:  Expected: 0
1 - SpectralGrid: ERROR: 1 is a wrong spectral window identifier
1 -  SpectralGridTest: Number of channels for spectral window identifier 1: 0 SpectralGridTest:  Expected: trigger an error message 
1 -  SpectralGridTest: the first spectral window is regularily sampled
1 -  SpectralGridTest:  There is a warning as expected
1 -  SpectralGridTest:  There is a warning as expected
1 -  SpectralGridTest: New spectral window using add(unsigned int numChan, unsigned int refChan, Frequency refFreq, Frequency chanSep):
1 -  SpectralGridTest: A new spectral window has been appended and got the identifier 1
1 - 
1 -  SpectralGridTest: Number of spectral windows: 2 SpectralGridTest:  Expected: 2
1 - 
1 -  SpectralGridTest: Channel frequency and number for the first spectral window: 
1 - SpectralGridTest: 0channel: 4294967265 freq: 8.969e+10
1 - SpectralGridTest: 1channel: 4294967266 freq: 8.97e+10
1 - SpectralGridTest: 2channel: 4294967267 freq: 8.971e+10
1 - SpectralGridTest: 3channel: 4294967268 freq: 8.972e+10
1 - SpectralGridTest: 4channel: 4294967269 freq: 8.973e+10
1 - SpectralGridTest: 5channel: 4294967270 freq: 8.974e+10
1 - SpectralGridTest: 6channel: 4294967271 freq: 8.975e+10
1 - SpectralGridTest: 7channel: 4294967272 freq: 8.976e+10
1 - SpectralGridTest: 8channel: 4294967273 freq: 8.977e+10
1 - SpectralGridTest: 9channel: 4294967274 freq: 8.978e+10
1 - SpectralGridTest: 10channel: 4294967275 freq: 8.979e+10
1 - SpectralGridTest: 11channel: 4294967276 freq: 8.98e+10
1 - SpectralGridTest: 12channel: 4294967277 freq: 8.981e+10
1 - SpectralGridTest: 13channel: 4294967278 freq: 8.982e+10
1 - SpectralGridTest: 14channel: 4294967279 freq: 8.983e+10
1 - SpectralGridTest: 15channel: 4294967280 freq: 8.984e+10
1 - SpectralGridTest: 16channel: 4294967281 freq: 8.985e+10
1 - SpectralGridTest: 17channel: 4294967282 freq: 8.986e+10
1 - SpectralGridTest: 18channel: 4294967283 freq: 8.987e+10
1 - SpectralGridTest: 19channel: 4294967284 freq: 8.988e+10
1 - SpectralGridTest: 20channel: 4294967285 freq: 8.989e+10
1 - SpectralGridTest: 21channel: 4294967286 freq: 8.99e+10
1 - SpectralGridTest: 22channel: 4294967287 freq: 8.991e+10
1 - SpectralGridTest: 23channel: 4294967288 freq: 8.992e+10
1 - SpectralGridTest: 24channel: 4294967289 freq: 8.993e+10
1 - SpectralGridTest: 25channel: 4294967290 freq: 8.994e+10
1 - SpectralGridTest: 26channel: 4294967291 freq: 8.995e+10
1 - SpectralGridTest: 27channel: 4294967292 freq: 8.996e+10
1 - SpectralGridTest: 28channel: 4294967293 freq: 8.997e+10
1 - SpectralGridTest: 29channel: 4294967294 freq: 8.998e+10
1 - SpectralGridTest: 30channel: 4294967295 freq: 8.999e+10
1 - SpectralGridTest: 31channel: 0 freq: 9e+10
1 - SpectralGridTest: 32channel: 1 freq: 9.001e+10
1 - SpectralGridTest: 33channel: 2 freq: 9.002e+10
1 - SpectralGridTest: 34channel: 3 freq: 9.003e+10
1 - SpectralGridTest: 35channel: 4 freq: 9.004e+10
1 - SpectralGridTest: 36channel: 5 freq: 9.005e+10
1 - SpectralGridTest: 37channel: 6 freq: 9.006e+10
1 - SpectralGridTest: 38channel: 7 freq: 9.007e+10
1 - SpectralGridTest: 39channel: 8 freq: 9.008e+10
1 - SpectralGridTest: 40channel: 9 freq: 9.009e+10
1 - SpectralGridTest: 41channel: 10 freq: 9.01e+10
1 - SpectralGridTest: 42channel: 11 freq: 9.011e+10
1 - SpectralGridTest: 43channel: 12 freq: 9.012e+10
1 - SpectralGridTest: 44channel: 13 freq: 9.013e+10
1 - SpectralGridTest: 45channel: 14 freq: 9.014e+10
1 - SpectralGridTest: 46channel: 15 freq: 9.015e+10
1 - SpectralGridTest: 47channel: 16 freq: 9.016e+10
1 - SpectralGridTest: 48channel: 17 freq: 9.017e+10
1 - SpectralGridTest: 49channel: 18 freq: 9.018e+10
1 - SpectralGridTest: 50channel: 19 freq: 9.019e+10
1 - SpectralGridTest: 51channel: 20 freq: 9.02e+10
1 - SpectralGridTest: 52channel: 21 freq: 9.021e+10
1 - SpectralGridTest: 53channel: 22 freq: 9.022e+10
1 - SpectralGridTest: 54channel: 23 freq: 9.023e+10
1 - SpectralGridTest: 55channel: 24 freq: 9.024e+10
1 - SpectralGridTest: 56channel: 25 freq: 9.025e+10
1 - SpectralGridTest: 57channel: 26 freq: 9.026e+10
1 - SpectralGridTest: 58channel: 27 freq: 9.027e+10
1 - SpectralGridTest: 59channel: 28 freq: 9.028e+10
1 - SpectralGridTest: 60channel: 29 freq: 9.029e+10
1 - SpectralGridTest: 61channel: 30 freq: 9.03e+10
1 - SpectralGridTest: 62channel: 31 freq: 9.031e+10
1 - SpectralGridTest: 63channel: 32 freq: 9.032e+10
1 - 
1 -  SpectralGridTest: Number of channels retrieved for spwId 0: 64 Input:64
1 -  SpectralGridTest: Reference frequency retrieved: 9e+10 SpectralGridTest:  Input:90GHz
1 -  SpectralGridTest: Reference frequency retrieved: 90GHz  SpectralGridTest: Input:90GHz
1 -  SpectralGridTest: Reference channel retrieved:   32 Input:32
1 -  SpectralGridTest: Channel separation retrieved:  1e+07Hz  SpectralGridTest: Input:0.01GHz
1 -  SpectralGridTest: Channel separation retrieved:  10000kHz  SpectralGridTest: Input:0.01GHz
1 - 
1 -  SpectralGridTest: Number of channels retrieved for spwId 1: 128 Input:128
1 -  SpectralGridTest: Reference frequency retrieved: 2.15e+11 SpectralGridTest:  Input:215GHz
1 -  SpectralGridTest: Reference frequency retrieved: 215GHz  SpectralGridTest: Input:215GHz
1 -  SpectralGridTest: Reference channel retrieved:   32 Input:32
1 -  SpectralGridTest: Channel separation retrieved:  2e+07Hz  SpectralGridTest: Input:0.02GHz
1 -  SpectralGridTest: Channel separation retrieved:  20000kHz  SpectralGridTest: Input:0.02GHz
1 -  SpectralGridTest: the spectral window with id 1 is regularily sampled
1 -  SpectralGridTest: Number of spectral windows: 2 SpectralGridTest:  Expected: 2
1 -  SpectralGridTest: As expected this spectral window with spwid=1 SpectralGridTest:  has no sideband specification
1 - SpectralGrid: ERROR: 10 is a wrong spectral window identifier
1 -  SpectralGridTest: As expected error because spectral window with id=10 SpectralGridTest:  does not exist!
1 - 
1 -  SpectralGridTest: Test 2:
1 -  SpectralGridTest: Build using SpectralGrid( unsigned int numChan, unsigned int refChan, double* chFreq, string units):
1 -  SpectralGridTest: Number of channels retrieved: 64    Input:  64
1 -  SpectralGridTest: Reference frequency retrieved:9e+10Hz  Initial: none
1 -  SpectralGridTest: Reference frequency retrieved:90000MHz Initial: none
1 -  SpectralGridTest: Reference channel retrieved:  32    Input:  32
1 -  SpectralGridTest: Channel separation retrieved: 1e+07Hz  Initial: none
1 -  SpectralGridTest: Channel separation retrieved: 10MHz Initial: none
1 -  SpectralGridTest: the first spectral window with id 0 is regularily sampled
1 -  SpectralGridTest: Add a second irregular spectral window using add( unsigned int numChan, unsigned int refChan, double* chFreq, string units):
1 -  SpectralGridTest: the first spectral window with id 0 is regularily sampled as expected
1 -  SpectralGridTest: the spectral window with id 1 is not regularily sampled as expected
1 - 
1 - 
1 -  SpectralGridTest: Test 3:
1 -  SpectralGridTest: Build using SpectralGrid( unsigned int numChan, double refFreq, double* chFreq, string freqUnits):
1 -  SpectralGridTest: Number of channels retrieved: 64 Input: 64
1 -  SpectralGridTest: Reference frequency retrieved:9e+10Hz  Initial:9e+10Hz
1 -  SpectralGridTest: Reference frequency retrieved:90000MHz Initial:9e+10Hz
1 -  SpectralGridTest: Reference channel retrieved:  0 Initial: 32
1 -  SpectralGridTest: Channel separation retrieved: 0 Initial: none
1 -  SpectralGridTest: Position (GU) retrieved: 32 SpectralGridTest:  Exact: 16.1235
1 -  SpectralGridTest: Total bandwidth retrieved: 6.2e+08 SpectralGridTest: Initial: 0
1 -  SpectralGridTest: Frequency range: from 8.97e+10 to 9.032e+10Hz
1 -  SpectralGridTest: Frequency range: from 89.7 to 90.32GHz
1 - 
1 - 
1 -  SpectralGridTest: Number of spectral windows:            2 Expected: 2
1 -  SpectralGridTest: Sideband:                              
1 -  SpectralGridTest: LO frequency:                          2.17e+11Hz 
1 -  SpectralGridTest: Number of channels retrieved:          128 for spwId 0:  Input:128
1 -  SpectralGridTest: Reference frequency retrieved:         2.15e+11  Input:215GHz
1 -  SpectralGridTest: Reference frequency retrieved:         215GHz  Input:215GHz
1 -  SpectralGridTest: Reference channel retrieved:           64 Input:64
1 -  SpectralGridTest: Channel separation retrieved:          2e+07Hz  Input: |0.02| GHz
1 -  SpectralGridTest: Channel separation retrieved:          20000kHz  Input: |0.02| GHz
1 -  SpectralGridTest: minFreq:                               213.74 GHz
1 -  SpectralGridTest: maxFreq:                               216.28 GHz
1 -  SpectralGridTest: Channel (grid units) for the min:      -63
1 -  SpectralGridTest: Channel (grid units) for the max:      64
1 -  SpectralGridTest: the spectral window with id 0 is regularily sampled
1 -  SpectralGridTest: the spectral window with id 0 has the associated spec. win. with id 1 (USB)
1 -  SpectralGridTest: chan index:0  213.74GHz  USB 220.26GHz
1 -  SpectralGridTest: chan index:1  213.76GHz  USB 220.24GHz
1 -  SpectralGridTest: chan index:2  213.78GHz  USB 220.22GHz
1 -  SpectralGridTest: chan index:3  213.8GHz  USB 220.2GHz
1 -  SpectralGridTest: chan index:4  213.82GHz  USB 220.18GHz
1 -  SpectralGridTest: chan index:5  213.84GHz  USB 220.16GHz
1 -  SpectralGridTest: chan index:6  213.86GHz  USB 220.14GHz
1 -  SpectralGridTest: chan index:7  213.88GHz  USB 220.12GHz
1 -  SpectralGridTest: chan index:8  213.9GHz  USB 220.1GHz
1 -  SpectralGridTest: chan index:9  213.92GHz  USB 220.08GHz
1 -  SpectralGridTest: chan index:10  213.94GHz  USB 220.06GHz
1 -  SpectralGridTest: chan index:11  213.96GHz  USB 220.04GHz
1 -  SpectralGridTest: chan index:12  213.98GHz  USB 220.02GHz
1 -  SpectralGridTest: chan index:13  214GHz  USB 220GHz
1 -  SpectralGridTest: chan index:14  214.02GHz  USB 219.98GHz
1 -  SpectralGridTest: chan index:15  214.04GHz  USB 219.96GHz
1 -  SpectralGridTest: chan index:16  214.06GHz  USB 219.94GHz
1 -  SpectralGridTest: chan index:17  214.08GHz  USB 219.92GHz
1 -  SpectralGridTest: chan index:18  214.1GHz  USB 219.9GHz
1 -  SpectralGridTest: chan index:19  214.12GHz  USB 219.88GHz
1 -  SpectralGridTest: chan index:20  214.14GHz  USB 219.86GHz
1 -  SpectralGridTest: chan index:21  214.16GHz  USB 219.84GHz
1 -  SpectralGridTest: chan index:22  214.18GHz  USB 219.82GHz
1 -  SpectralGridTest: chan index:23  214.2GHz  USB 219.8GHz
1 -  SpectralGridTest: chan index:24  214.22GHz  USB 219.78GHz
1 -  SpectralGridTest: chan index:25  214.24GHz  USB 219.76GHz
1 -  SpectralGridTest: chan index:26  214.26GHz  USB 219.74GHz
1 -  SpectralGridTest: chan index:27  214.28GHz  USB 219.72GHz
1 -  SpectralGridTest: chan index:28  214.3GHz  USB 219.7GHz
1 -  SpectralGridTest: chan index:29  214.32GHz  USB 219.68GHz
1 -  SpectralGridTest: chan index:30  214.34GHz  USB 219.66GHz
1 -  SpectralGridTest: chan index:31  214.36GHz  USB 219.64GHz
1 -  SpectralGridTest: chan index:32  214.38GHz  USB 219.62GHz
1 -  SpectralGridTest: chan index:33  214.4GHz  USB 219.6GHz
1 -  SpectralGridTest: chan index:34  214.42GHz  USB 219.58GHz
1 -  SpectralGridTest: chan index:35  214.44GHz  USB 219.56GHz
1 -  SpectralGridTest: chan index:36  214.46GHz  USB 219.54GHz
1 -  SpectralGridTest: chan index:37  214.48GHz  USB 219.52GHz
1 -  SpectralGridTest: chan index:38  214.5GHz  USB 219.5GHz
1 -  SpectralGridTest: chan index:39  214.52GHz  USB 219.48GHz
1 -  SpectralGridTest: chan index:40  214.54GHz  USB 219.46GHz
1 -  SpectralGridTest: chan index:41  214.56GHz  USB 219.44GHz
1 -  SpectralGridTest: chan index:42  214.58GHz  USB 219.42GHz
1 -  SpectralGridTest: chan index:43  214.6GHz  USB 219.4GHz
1 -  SpectralGridTest: chan index:44  214.62GHz  USB 219.38GHz
1 -  SpectralGridTest: chan index:45  214.64GHz  USB 219.36GHz
1 -  SpectralGridTest: chan index:46  214.66GHz  USB 219.34GHz
1 -  SpectralGridTest: chan index:47  214.68GHz  USB 219.32GHz
1 -  SpectralGridTest: chan index:48  214.7GHz  USB 219.3GHz
1 -  SpectralGridTest: chan index:49  214.72GHz  USB 219.28GHz
1 -  SpectralGridTest: chan index:50  214.74GHz  USB 219.26GHz
1 -  SpectralGridTest: chan index:51  214.76GHz  USB 219.24GHz
1 -  SpectralGridTest: chan index:52  214.78GHz  USB 219.22GHz
1 -  SpectralGridTest: chan index:53  214.8GHz  USB 219.2GHz
1 -  SpectralGridTest: chan index:54  214.82GHz  USB 219.18GHz
1 -  SpectralGridTest: chan index:55  214.84GHz  USB 219.16GHz
1 -  SpectralGridTest: chan index:56  214.86GHz  USB 219.14GHz
1 -  SpectralGridTest: chan index:57  214.88GHz  USB 219.12GHz
1 -  SpectralGridTest: chan index:58  214.9GHz  USB 219.1GHz
1 -  SpectralGridTest: chan index:59  214.92GHz  USB 219.08GHz
1 -  SpectralGridTest: chan index:60  214.94GHz  USB 219.06GHz
1 -  SpectralGridTest: chan index:61  214.96GHz  USB 219.04GHz
1 -  SpectralGridTest: chan index:62  214.98GHz  USB 219.02GHz
1 -  SpectralGridTest: chan index:63  215GHz  USB 219GHz
1 -  SpectralGridTest: chan index:64  215.02GHz  USB 218.98GHz
1 -  SpectralGridTest: chan index:65  215.04GHz  USB 218.96GHz
1 -  SpectralGridTest: chan index:66  215.06GHz  USB 218.94GHz
1 -  SpectralGridTest: chan index:67  215.08GHz  USB 218.92GHz
1 -  SpectralGridTest: chan index:68  215.1GHz  USB 218.9GHz
1 -  SpectralGridTest: chan index:69  215.12GHz  USB 218.88GHz
1 -  SpectralGridTest: chan index:70  215.14GHz  USB 218.86GHz
1 -  SpectralGridTest: chan index:71  215.16GHz  USB 218.84GHz
1 -  SpectralGridTest: chan index:72  215.18GHz  USB 218.82GHz
1 -  SpectralGridTest: chan index:73  215.2GHz  USB 218.8GHz
1 -  SpectralGridTest: chan index:74  215.22GHz  USB 218.78GHz
1 -  SpectralGridTest: chan index:75  215.24GHz  USB 218.76GHz
1 -  SpectralGridTest: chan index:76  215.26GHz  USB 218.74GHz
1 -  SpectralGridTest: chan index:77  215.28GHz  USB 218.72GHz
1 -  SpectralGridTest: chan index:78  215.3GHz  USB 218.7GHz
1 -  SpectralGridTest: chan index:79  215.32GHz  USB 218.68GHz
1 -  SpectralGridTest: chan index:80  215.34GHz  USB 218.66GHz
1 -  SpectralGridTest: chan index:81  215.36GHz  USB 218.64GHz
1 -  SpectralGridTest: chan index:82  215.38GHz  USB 218.62GHz
1 -  SpectralGridTest: chan index:83  215.4GHz  USB 218.6GHz
1 -  SpectralGridTest: chan index:84  215.42GHz  USB 218.58GHz
1 -  SpectralGridTest: chan index:85  215.44GHz  USB 218.56GHz
1 -  SpectralGridTest: chan index:86  215.46GHz  USB 218.54GHz
1 -  SpectralGridTest: chan index:87  215.48GHz  USB 218.52GHz
1 -  SpectralGridTest: chan index:88  215.5GHz  USB 218.5GHz
1 -  SpectralGridTest: chan index:89  215.52GHz  USB 218.48GHz
1 -  SpectralGridTest: chan index:90  215.54GHz  USB 218.46GHz
1 -  SpectralGridTest: chan index:91  215.56GHz  USB 218.44GHz
1 -  SpectralGridTest: chan index:92  215.58GHz  USB 218.42GHz
1 -  SpectralGridTest: chan index:93  215.6GHz  USB 218.4GHz
1 -  SpectralGridTest: chan index:94  215.62GHz  USB 218.38GHz
1 -  SpectralGridTest: chan index:95  215.64GHz  USB 218.36GHz
1 -  SpectralGridTest: chan index:96  215.66GHz  USB 218.34GHz
1 -  SpectralGridTest: chan index:97  215.68GHz  USB 218.32GHz
1 -  SpectralGridTest: chan index:98  215.7GHz  USB 218.3GHz
1 -  SpectralGridTest: chan index:99  215.72GHz  USB 218.28GHz
1 -  SpectralGridTest: chan index:100  215.74GHz  USB 218.26GHz
1 -  SpectralGridTest: chan index:101  215.76GHz  USB 218.24GHz
1 -  SpectralGridTest: chan index:102  215.78GHz  USB 218.22GHz
1 -  SpectralGridTest: chan index:103  215.8GHz  USB 218.2GHz
1 -  SpectralGridTest: chan index:104  215.82GHz  USB 218.18GHz
1 -  SpectralGridTest: chan index:105  215.84GHz  USB 218.16GHz
1 -  SpectralGridTest: chan index:106  215.86GHz  USB 218.14GHz
1 -  SpectralGridTest: chan index:107  215.88GHz  USB 218.12GHz
1 -  SpectralGridTest: chan index:108  215.9GHz  USB 218.1GHz
1 -  SpectralGridTest: chan index:109  215.92GHz  USB 218.08GHz
1 -  SpectralGridTest: chan index:110  215.94GHz  USB 218.06GHz
1 -  SpectralGridTest: chan index:111  215.96GHz  USB 218.04GHz
1 -  SpectralGridTest: chan index:112  215.98GHz  USB 218.02GHz
1 -  SpectralGridTest: chan index:113  216GHz  USB 218GHz
1 -  SpectralGridTest: chan index:114  216.02GHz  USB 217.98GHz
1 -  SpectralGridTest: chan index:115  216.04GHz  USB 217.96GHz
1 -  SpectralGridTest: chan index:116  216.06GHz  USB 217.94GHz
1 -  SpectralGridTest: chan index:117  216.08GHz  USB 217.92GHz
1 -  SpectralGridTest: chan index:118  216.1GHz  USB 217.9GHz
1 -  SpectralGridTest: chan index:119  216.12GHz  USB 217.88GHz
1 -  SpectralGridTest: chan index:120  216.14GHz  USB 217.86GHz
1 -  SpectralGridTest: chan index:121  216.16GHz  USB 217.84GHz
1 -  SpectralGridTest: chan index:122  216.18GHz  USB 217.82GHz
1 -  SpectralGridTest: chan index:123  216.2GHz  USB 217.8GHz
1 -  SpectralGridTest: chan index:124  216.22GHz  USB 217.78GHz
1 -  SpectralGridTest: chan index:125  216.24GHz  USB 217.76GHz
1 -  SpectralGridTest: chan index:126  216.26GHz  USB 217.74GHz
1 -  SpectralGridTest: chan index:127  216.28GHz  USB 217.72GHz
1 - 
1 -  SpectralGridTest: Sideband:                              
1 -  SpectralGridTest: LO frequency:                          2.17e+11Hz 
1 -  SpectralGridTest: Number of channels retrieved:          128 for spwId 1:  Input:128
1 -  SpectralGridTest: Reference frequency retrieved:         2.15e+11  Input:215GHz
1 -  SpectralGridTest: Reference frequency retrieved:         215GHz  Input:215GHz
1 -  SpectralGridTest: Reference channel retrieved:           64 Input:64
1 -  SpectralGridTest: Channel separation retrieved:          -2e+07Hz  Input: |0.02| GHz
1 -  SpectralGridTest: Channel separation retrieved:          -20000kHz  Input: |0.02| GHz
1 -  SpectralGridTest: minFreq:                               217.72 GHz
1 -  SpectralGridTest: maxFreq:                               220.26 GHz
1 -  SpectralGridTest: Channel (grid units) for the min:      -136
1 -  SpectralGridTest: Channel (grid units) for the max:      -263
1 -  SpectralGridTest: the spectral window with id 1 is regularily sampled
1 -  SpectralGridTest: the spectral window with id 1 has the associated spec. win. with id 0 (LSB)
1 -  SpectralGridTest: chan index:0  220.26GHz  LSB 213.74GHz
1 -  SpectralGridTest: chan index:1  220.24GHz  LSB 213.76GHz
1 -  SpectralGridTest: chan index:2  220.22GHz  LSB 213.78GHz
1 -  SpectralGridTest: chan index:3  220.2GHz  LSB 213.8GHz
1 -  SpectralGridTest: chan index:4  220.18GHz  LSB 213.82GHz
1 -  SpectralGridTest: chan index:5  220.16GHz  LSB 213.84GHz
1 -  SpectralGridTest: chan index:6  220.14GHz  LSB 213.86GHz
1 -  SpectralGridTest: chan index:7  220.12GHz  LSB 213.88GHz
1 -  SpectralGridTest: chan index:8  220.1GHz  LSB 213.9GHz
1 -  SpectralGridTest: chan index:9  220.08GHz  LSB 213.92GHz
1 -  SpectralGridTest: chan index:10  220.06GHz  LSB 213.94GHz
1 -  SpectralGridTest: chan index:11  220.04GHz  LSB 213.96GHz
1 -  SpectralGridTest: chan index:12  220.02GHz  LSB 213.98GHz
1 -  SpectralGridTest: chan index:13  220GHz  LSB 214GHz
1 -  SpectralGridTest: chan index:14  219.98GHz  LSB 214.02GHz
1 -  SpectralGridTest: chan index:15  219.96GHz  LSB 214.04GHz
1 -  SpectralGridTest: chan index:16  219.94GHz  LSB 214.06GHz
1 -  SpectralGridTest: chan index:17  219.92GHz  LSB 214.08GHz
1 -  SpectralGridTest: chan index:18  219.9GHz  LSB 214.1GHz
1 -  SpectralGridTest: chan index:19  219.88GHz  LSB 214.12GHz
1 -  SpectralGridTest: chan index:20  219.86GHz  LSB 214.14GHz
1 -  SpectralGridTest: chan index:21  219.84GHz  LSB 214.16GHz
1 -  SpectralGridTest: chan index:22  219.82GHz  LSB 214.18GHz
1 -  SpectralGridTest: chan index:23  219.8GHz  LSB 214.2GHz
1 -  SpectralGridTest: chan index:24  219.78GHz  LSB 214.22GHz
1 -  SpectralGridTest: chan index:25  219.76GHz  LSB 214.24GHz
1 -  SpectralGridTest: chan index:26  219.74GHz  LSB 214.26GHz
1 -  SpectralGridTest: chan index:27  219.72GHz  LSB 214.28GHz
1 -  SpectralGridTest: chan index:28  219.7GHz  LSB 214.3GHz
1 -  SpectralGridTest: chan index:29  219.68GHz  LSB 214.32GHz
1 -  SpectralGridTest: chan index:30  219.66GHz  LSB 214.34GHz
1 -  SpectralGridTest: chan index:31  219.64GHz  LSB 214.36GHz
1 -  SpectralGridTest: chan index:32  219.62GHz  LSB 214.38GHz
1 -  SpectralGridTest: chan index:33  219.6GHz  LSB 214.4GHz
1 -  SpectralGridTest: chan index:34  219.58GHz  LSB 214.42GHz
1 -  SpectralGridTest: chan index:35  219.56GHz  LSB 214.44GHz
1 -  SpectralGridTest: chan index:36  219.54GHz  LSB 214.46GHz
1 -  SpectralGridTest: chan index:37  219.52GHz  LSB 214.48GHz
1 -  SpectralGridTest: chan index:38  219.5GHz  LSB 214.5GHz
1 -  SpectralGridTest: chan index:39  219.48GHz  LSB 214.52GHz
1 -  SpectralGridTest: chan index:40  219.46GHz  LSB 214.54GHz
1 -  SpectralGridTest: chan index:41  219.44GHz  LSB 214.56GHz
1 -  SpectralGridTest: chan index:42  219.42GHz  LSB 214.58GHz
1 -  SpectralGridTest: chan index:43  219.4GHz  LSB 214.6GHz
1 -  SpectralGridTest: chan index:44  219.38GHz  LSB 214.62GHz
1 -  SpectralGridTest: chan index:45  219.36GHz  LSB 214.64GHz
1 -  SpectralGridTest: chan index:46  219.34GHz  LSB 214.66GHz
1 -  SpectralGridTest: chan index:47  219.32GHz  LSB 214.68GHz
1 -  SpectralGridTest: chan index:48  219.3GHz  LSB 214.7GHz
1 -  SpectralGridTest: chan index:49  219.28GHz  LSB 214.72GHz
1 -  SpectralGridTest: chan index:50  219.26GHz  LSB 214.74GHz
1 -  SpectralGridTest: chan index:51  219.24GHz  LSB 214.76GHz
1 -  SpectralGridTest: chan index:52  219.22GHz  LSB 214.78GHz
1 -  SpectralGridTest: chan index:53  219.2GHz  LSB 214.8GHz
1 -  SpectralGridTest: chan index:54  219.18GHz  LSB 214.82GHz
1 -  SpectralGridTest: chan index:55  219.16GHz  LSB 214.84GHz
1 -  SpectralGridTest: chan index:56  219.14GHz  LSB 214.86GHz
1 -  SpectralGridTest: chan index:57  219.12GHz  LSB 214.88GHz
1 -  SpectralGridTest: chan index:58  219.1GHz  LSB 214.9GHz
1 -  SpectralGridTest: chan index:59  219.08GHz  LSB 214.92GHz
1 -  SpectralGridTest: chan index:60  219.06GHz  LSB 214.94GHz
1 -  SpectralGridTest: chan index:61  219.04GHz  LSB 214.96GHz
1 -  SpectralGridTest: chan index:62  219.02GHz  LSB 214.98GHz
1 -  SpectralGridTest: chan index:63  219GHz  LSB 215GHz
1 -  SpectralGridTest: chan index:64  218.98GHz  LSB 215.02GHz
1 -  SpectralGridTest: chan index:65  218.96GHz  LSB 215.04GHz
1 -  SpectralGridTest: chan index:66  218.94GHz  LSB 215.06GHz
1 -  SpectralGridTest: chan index:67  218.92GHz  LSB 215.08GHz
1 -  SpectralGridTest: chan index:68  218.9GHz  LSB 215.1GHz
1 -  SpectralGridTest: chan index:69  218.88GHz  LSB 215.12GHz
1 -  SpectralGridTest: chan index:70  218.86GHz  LSB 215.14GHz
1 -  SpectralGridTest: chan index:71  218.84GHz  LSB 215.16GHz
1 -  SpectralGridTest: chan index:72  218.82GHz  LSB 215.18GHz
1 -  SpectralGridTest: chan index:73  218.8GHz  LSB 215.2GHz
1 -  SpectralGridTest: chan index:74  218.78GHz  LSB 215.22GHz
1 -  SpectralGridTest: chan index:75  218.76GHz  LSB 215.24GHz
1 -  SpectralGridTest: chan index:76  218.74GHz  LSB 215.26GHz
1 -  SpectralGridTest: chan index:77  218.72GHz  LSB 215.28GHz
1 -  SpectralGridTest: chan index:78  218.7GHz  LSB 215.3GHz
1 -  SpectralGridTest: chan index:79  218.68GHz  LSB 215.32GHz
1 -  SpectralGridTest: chan index:80  218.66GHz  LSB 215.34GHz
1 -  SpectralGridTest: chan index:81  218.64GHz  LSB 215.36GHz
1 -  SpectralGridTest: chan index:82  218.62GHz  LSB 215.38GHz
1 -  SpectralGridTest: chan index:83  218.6GHz  LSB 215.4GHz
1 -  SpectralGridTest: chan index:84  218.58GHz  LSB 215.42GHz
1 -  SpectralGridTest: chan index:85  218.56GHz  LSB 215.44GHz
1 -  SpectralGridTest: chan index:86  218.54GHz  LSB 215.46GHz
1 -  SpectralGridTest: chan index:87  218.52GHz  LSB 215.48GHz
1 -  SpectralGridTest: chan index:88  218.5GHz  LSB 215.5GHz
1 -  SpectralGridTest: chan index:89  218.48GHz  LSB 215.52GHz
1 -  SpectralGridTest: chan index:90  218.46GHz  LSB 215.54GHz
1 -  SpectralGridTest: chan index:91  218.44GHz  LSB 215.56GHz
1 -  SpectralGridTest: chan index:92  218.42GHz  LSB 215.58GHz
1 -  SpectralGridTest: chan index:93  218.4GHz  LSB 215.6GHz
1 -  SpectralGridTest: chan index:94  218.38GHz  LSB 215.62GHz
1 -  SpectralGridTest: chan index:95  218.36GHz  LSB 215.64GHz
1 -  SpectralGridTest: chan index:96  218.34GHz  LSB 215.66GHz
1 -  SpectralGridTest: chan index:97  218.32GHz  LSB 215.68GHz
1 -  SpectralGridTest: chan index:98  218.3GHz  LSB 215.7GHz
1 -  SpectralGridTest: chan index:99  218.28GHz  LSB 215.72GHz
1 -  SpectralGridTest: chan index:100  218.26GHz  LSB 215.74GHz
1 -  SpectralGridTest: chan index:101  218.24GHz  LSB 215.76GHz
1 -  SpectralGridTest: chan index:102  218.22GHz  LSB 215.78GHz
1 -  SpectralGridTest: chan index:103  218.2GHz  LSB 215.8GHz
1 -  SpectralGridTest: chan index:104  218.18GHz  LSB 215.82GHz
1 -  SpectralGridTest: chan index:105  218.16GHz  LSB 215.84GHz
1 -  SpectralGridTest: chan index:106  218.14GHz  LSB 215.86GHz
1 -  SpectralGridTest: chan index:107  218.12GHz  LSB 215.88GHz
1 -  SpectralGridTest: chan index:108  218.1GHz  LSB 215.9GHz
1 -  SpectralGridTest: chan index:109  218.08GHz  LSB 215.92GHz
1 -  SpectralGridTest: chan index:110  218.06GHz  LSB 215.94GHz
1 -  SpectralGridTest: chan index:111  218.04GHz  LSB 215.96GHz
1 -  SpectralGridTest: chan index:112  218.02GHz  LSB 215.98GHz
1 -  SpectralGridTest: chan index:113  218GHz  LSB 216GHz
1 -  SpectralGridTest: chan index:114  217.98GHz  LSB 216.02GHz
1 -  SpectralGridTest: chan index:115  217.96GHz  LSB 216.04GHz
1 -  SpectralGridTest: chan index:116  217.94GHz  LSB 216.06GHz
1 -  SpectralGridTest: chan index:117  217.92GHz  LSB 216.08GHz
1 -  SpectralGridTest: chan index:118  217.9GHz  LSB 216.1GHz
1 -  SpectralGridTest: chan index:119  217.88GHz  LSB 216.12GHz
1 -  SpectralGridTest: chan index:120  217.86GHz  LSB 216.14GHz
1 -  SpectralGridTest: chan index:121  217.84GHz  LSB 216.16GHz
1 -  SpectralGridTest: chan index:122  217.82GHz  LSB 216.18GHz
1 -  SpectralGridTest: chan index:123  217.8GHz  LSB 216.2GHz
1 -  SpectralGridTest: chan index:124  217.78GHz  LSB 216.22GHz
1 -  SpectralGridTest: chan index:125  217.76GHz  LSB 216.24GHz
1 -  SpectralGridTest: chan index:126  217.74GHz  LSB 216.26GHz
1 -  SpectralGridTest: chan index:127  217.72GHz  LSB 216.28GHz
1 - 
1 -  SpectralGridTest: TESTBED done
