1 - The default acceptable error level is SERIOUS
1 - intArray[0] okay...
1 - intArray[1] okay...
1 - intArray[2] okay...
1 - intArray[3] okay...
1 - intArray[4] okay...
1 - intArray[5] okay...
1 - intArray[6] okay...
1 - intArray[7] okay...
1 - intArray[8] okay...
1 - intArray[9] okay...
1 - intArray[10] okay...
1 - intArray[11] okay...
1 - intArray[12] okay...
1 - intArray[13] okay...
1 - intArray[14] okay...
1 - intArray[15] okay...
1 - intArray[16] okay...
1 - intArray[17] okay...
1 - intArray[18] okay...
1 - intArray[19] okay...
1 - SERIOUS ERROR: Out of range; index must be in the range [0,19]
1 - This level of the error, SERIOUS, is not acceptable!
1 - Some action should be taken here!
1 - We now give less tolerance on the acceptable level of an error.
1 - The acceptable error level has been set to FATAL
1 - Test: the same error is now generated a second time
1 - intArray[0] okay...
1 - intArray[1] okay...
1 - intArray[2] okay...
1 - intArray[3] okay...
1 - intArray[4] okay...
1 - intArray[5] okay...
1 - intArray[6] okay...
1 - intArray[7] okay...
1 - intArray[8] okay...
1 - intArray[9] okay...
1 - intArray[10] okay...
1 - intArray[11] okay...
1 - intArray[12] okay...
1 - intArray[13] okay...
1 - intArray[14] okay...
1 - intArray[15] okay...
1 - intArray[16] okay...
1 - intArray[17] okay...
1 - intArray[18] okay...
1 - intArray[19] okay...
1 - SERIOUS ERROR: Out of range; index must be in the range [0,19]
1 - intArray[20] okay...
1 - SERIOUS ERROR: Out of range; index must be in the range [0,19]
1 - intArray[21] okay...
1 - SERIOUS ERROR: Out of range; index must be in the range [0,19]
1 - intArray[22] okay...
1 - SERIOUS ERROR: Out of range; index must be in the range [0,19]
1 - intArray[23] okay...
1 - ATMError.sh: line 1: 24955 Segmentation fault      testError
