1 -  
1 -  THIS PROPOSED TEST OF THE ATM INTERFACE SOFTWARE IS BASED ON THE SIDE-BY-SIDE COMPARISON 
1 -  OF FOURIER TRANSFORM SPECTROSCOPY AND WATER VAPOR RADIOMETRY, PERFORMED AT MAUNA KEA ON  
1 -  MARCH 3, 2002, THAT WAS PUBLISHED IN THE ASTROPHYSICAL JOURNAL SUPPL. SER., 153:363-367  
1 -          To better understand the example you can download the reference from:            
1 -           http://damir.iem.csic.es/PARDO/publications.html (paper 34)                     
1 -  
1 - STEP 1: CREATES REFERENCE ATMOSPHERIC PROFILE CORRESTONDIGN TO THE FOLLOWING BASIC PARAMETERS:
1 - Atmosphere Type: TROPICAL
1 - Site Altitude: 4100 m above sea level
1 - Ground Temperature: 268.15 K
1 - Ground Pressure: 623.0 mb
1 - Relative Humidity at ground level: 11.3 % 
1 - Water vapor scale height: 2.2 km
1 - Tropospheric Temperature lapse rate: -5.6 K/km
1 - Top of the atmosphere for calculations: 48 km
1 - Primary pressure step: 10 mb (please check the above reference)
1 - Pressure step factor: 1.2 (please check the above reference)
1 - First guess precipitable water vapor content: 0.85548mm
1 -  
1 - STEP 2: CREATES SpectralGrid and RefractiveIndexProfile OBJECTS CONTAINING
1 -             3 WATER VAPOR RADIOMETER CHANNELS + 1 ASTRONOMICAL BAND       
1 -         (Negative frequency resolutions are used for image side bands)    
1 - Spectral Window 0 Central Frequency: 182.11 GHz, Freq. Resolution: 40 MHz, Num. of channels: 11
1 - Spectral Window 1 Central Frequency: 182.11 GHz, Freq. Resolution: -40 MHz, Num. of channels: 11
1 - Spectral Window 2 Central Frequency: 179.11 GHz, Freq. Resolution: 90 MHz, Num. of channels: 11
1 - Spectral Window 3 Central Frequency: 179.11 GHz, Freq. Resolution: -90 MHz, Num. of channels: 11
1 - Spectral Window 4 Central Frequency: 175.51 GHz, Freq. Resolution: 100 MHz, Num. of channels: 11
1 - Spectral Window 5 Central Frequency: 175.51 GHz, Freq. Resolution: -100 MHz, Num. of channels: 11
1 - Spectral Window 6 Central Frequency: 411 GHz, Freq. Resolution: 50 MHz, Num. of channels: 11
1 -  
1 - Spectral windows associations:    
1 - Spectral Window 0 associated to spectral window: 1 (double band)
1 - Spectral Window 1 associated to spectral window: 0 (double band)
1 - Spectral Window 2 associated to spectral window: 3 (double band)
1 - Spectral Window 3 associated to spectral window: 2 (double band)
1 - Spectral Window 4 associated to spectral window: 5 (double band)
1 - Spectral Window 5 associated to spectral window: 4 (double band)
1 - Spectral Window 6 associated to spectral window: 6 (single band)
1 -  
1 -  STEP 4: CREATES SkyStatus object and associates a WaterVaporRadiometer to it 
1 -  
1 - WaterVaporRadiometer characteristics: 
1 - WVR Channel 0 SpectralGrid Id of Signal sideband: 0 / SpectralGrid Id of Image sideband: 1
1 -                Sky Coupling: 0.8 / Gain of Signal sideband: 50 %
1 - WVR Channel 1 SpectralGrid Id of Signal sideband: 2 / SpectralGrid Id of Image sideband: 3
1 -                Sky Coupling: 0.8 / Gain of Signal sideband: 50 %
1 - WVR Channel 2 SpectralGrid Id of Signal sideband: 4 / SpectralGrid Id of Image sideband: 5
1 -                Sky Coupling: 0.8 / Gain of Signal sideband: 50 %
1 -  
1 - STEP 5: Reads a block of real WVRMeasurements taken at Mauna Kea on March 3, 2002 (local code)
1 - Total number of WVR data: 15209
1 -  
1 - STEP 6: Performing Water Vapor Retrieval over 7 WVR measurements starting at 2 UT on March/3/2002 
1 - 3
1 - 180.384 K
1 - 2
1 - 3
1 - Sky Coupling = 0.8
1 - Signal Gain = 50 %
1 - Spillover Temp. = 285.15 K
1 - Elevation = 45
1 - PWV=0.644487 mm
1 - 3
1 - 180.618 K
1 - 2
1 - 3
1 - Sky Coupling = 0.8
1 - Signal Gain = 50 %
1 - Spillover Temp. = 285.15 K
1 - Elevation = 45
1 - PWV=0.644658 mm
1 - 3
1 - 180.3 K
1 - 2
1 - 3
1 - Sky Coupling = 0.8
1 - Signal Gain = 50 %
1 - Spillover Temp. = 285.15 K
1 - Elevation = 45
1 - PWV=0.642212 mm
1 - 3
1 - 179.285 K
1 - 2
1 - 3
1 - Sky Coupling = 0.8
1 - Signal Gain = 50 %
1 - Spillover Temp. = 285.15 K
1 - Elevation = 45
1 - PWV=0.636403 mm
1 - 3
1 - 180.201 K
1 - 2
1 - 3
1 - Sky Coupling = 0.8
1 - Signal Gain = 50 %
1 - Spillover Temp. = 285.15 K
1 - Elevation = 45
1 - PWV=0.641918 mm
1 - 3
1 - 180.662 K
1 - 2
1 - 3
1 - Sky Coupling = 0.8
1 - Signal Gain = 50 %
1 - Spillover Temp. = 285.15 K
1 - Elevation = 45
1 - PWV=0.647613 mm
1 - 3
1 - 180.53 K
1 - 2
1 - 3
1 - Sky Coupling = 0.8
1 - Signal Gain = 50 %
1 - Spillover Temp. = 285.15 K
1 - Elevation = 45
1 - PWV=0.647593 mm
1 - The average Sigma of this ensemble of fits is: 33.9381 K
1 - User Water Vapor Column: 0.647593 mm
1 -  
1 - STEP 7: RETRIEVES THE BEST SKY COUPLING OF THE WVR CHANNELS USING DATA 9300 TO 9305
1 - The best sky coupling is: 
1 - WVR Channel 0: 0.624905: 
1 - WVR Channel 1: 0.624905: 
1 - WVR Channel 2: 0.624905: 
1 - For which the AverageSigmaTskyFit over those measurements is: 0.236658 K
1 - User Water Vapor Column: 0.315783 mm
1 -  
1 - STEP 8: DATA ANALYSIS USING THE NEW SKY COUPLING 
1 - 3
1 - 180.384 K
1 - 2
1 - 3
1 - Sky Coupling = 0.624905
1 - Signal Gain = 50 %
1 - Spillover Temp. = 285.15 K
1 - Elevation = 45
1 - PWV=0.316222 mm
1 - 3
1 - 180.618 K
1 - 2
1 - 3
1 - Sky Coupling = 0.624905
1 - Signal Gain = 50 %
1 - Spillover Temp. = 285.15 K
1 - Elevation = 45
1 - PWV=0.318168 mm
1 - 3
1 - 180.3 K
1 - 2
1 - 3
1 - Sky Coupling = 0.624905
1 - Signal Gain = 50 %
1 - Spillover Temp. = 285.15 K
1 - Elevation = 45
1 - PWV=0.315291 mm
1 - 3
1 - 179.285 K
1 - 2
1 - 3
1 - Sky Coupling = 0.624905
1 - Signal Gain = 50 %
1 - Spillover Temp. = 285.15 K
1 - Elevation = 45
1 - PWV=0.310376 mm
1 - 3
1 - 180.201 K
1 - 2
1 - 3
1 - Sky Coupling = 0.624905
1 - Signal Gain = 50 %
1 - Spillover Temp. = 285.15 K
1 - Elevation = 45
1 - PWV=0.315783 mm
1 - 3
1 - 180.662 K
1 - 2
1 - 3
1 - Sky Coupling = 0.624905
1 - Signal Gain = 50 %
1 - Spillover Temp. = 285.15 K
1 - Elevation = 45
1 - PWV=0.319219 mm
1 - 3
1 - 180.53 K
1 - 2
1 - 3
1 - Sky Coupling = 0.624905
1 - Signal Gain = 50 %
1 - Spillover Temp. = 285.15 K
1 - Elevation = 45
1 - PWV=0.318358 mm
1 - Data point 9300 (UT time: 8.03314 hours on 2002, March 3)
1 - Measured and fitted Sky Tebb's (in K): 
1 -   Channel 0: 180.384  180.325
1 -   Channel 1: 130.113  130.225
1 -   Channel 2: 119.372  119.51
1 -   Retrieved Zenith Water Vapor Column: 0.316222 mm / Sigma Fit: 0.13238 K
1 - Data point 9301 (UT time: 8.03342 hours on 2002, March 3)
1 - Measured and fitted Sky Tebb's (in K): 
1 -   Channel 0: 180.618  180.632
1 -   Channel 1: 130.321  130.331
1 -   Channel 2: 119.671  119.554
1 -   Retrieved Zenith Water Vapor Column: 0.318168 mm / Sigma Fit: 0.0834521 K
1 - Data point 9302 (UT time: 8.03369 hours on 2002, March 3)
1 - Measured and fitted Sky Tebb's (in K): 
1 -   Channel 0: 180.3  180.178
1 -   Channel 1: 129.956  130.174
1 -   Channel 2: 119.17  119.489
1 -   Retrieved Zenith Water Vapor Column: 0.315291 mm / Sigma Fit: 0.286524 K
1 - Data point 9303 (UT time: 8.03397 hours on 2002, March 3)
1 - Measured and fitted Sky Tebb's (in K): 
1 -   Channel 0: 179.285  179.397
1 -   Channel 1: 130.293  129.905
1 -   Channel 2: 119.217  119.378
1 -   Retrieved Zenith Water Vapor Column: 0.310376 mm / Sigma Fit: 0.307408 K
1 - Data point 9304 (UT time: 8.03425 hours on 2002, March 3)
1 - Measured and fitted Sky Tebb's (in K): 
1 -   Channel 0: 180.201  180.255
1 -   Channel 1: 130.474  130.201
1 -   Channel 2: 119.217  119.5
1 -   Retrieved Zenith Water Vapor Column: 0.315783 mm / Sigma Fit: 0.28098 K
1 - Data point 9305 (UT time: 8.03453 hours on 2002, March 3)
1 - Measured and fitted Sky Tebb's (in K): 
1 -   Channel 0: 180.662  180.797
1 -   Channel 1: 130.788  130.388
1 -   Channel 2: 119.54  119.578
1 -   Retrieved Zenith Water Vapor Column: 0.319219 mm / Sigma Fit: 0.299513 K
1 - Data point 9306 (UT time: 8.03481 hours on 2002, March 3)
1 - Measured and fitted Sky Tebb's (in K): 
1 -   Channel 0: 180.53  180.661
1 -   Channel 1: 130.812  130.341
1 -   Channel 2: 119.326  119.558
1 -   Retrieved Zenith Water Vapor Column: 0.318358 mm / Sigma Fit: 0.382704 K
1 -    
1 - STEP 9: Now comparing the results of the WVR analysis with a simultaneous FTS Spectrum 
1 - Reading FTS data file...
1 - ...done!
1 - Number of spectral windows: 8
1 - Number of FTS frequencies:  1225
1 - Performing Water Vapor Retrieval
1 - Retrieved zenith water vapor column from data between 450 and 920 GHz: 0.335579 mm 
1 - 0.335579 mm
1 - FTS sigma fit (in terms of transmission for those channels where the fit has been performed): 0.0274456
1 - Comparison of Measurement vs fit in channel num. 600 of FTS scan: 910.443 GHz
1 -               Meas. transmission:  0.265356   Fitted transmission: 0.265737
1 - Reading TEBB data file...
1 - ...done!
1 - Number of spectral windows: 9
1 - Number of TEBB frequencies:  671
1 - Performing Water Vapor Retrieval
1 - WVRRetrieval.sh: line 1: 24902 Segmentation fault      WVRRetrievalTest
